--------------------------------------------------------------------------------------
Timing Analyzer Summary
--------------------------------------------------------------------------------------

Type           : Worst-case tsu
Slack          : N/A
Required Time  : None
Actual Time    : -5.100 ns
From           : Rin
To             : lpm_dff1:inst15|lpm_ff:lpm_ff_component|dffs[0]
From Clock     : --
To Clock       : CK
Failed Paths   : 0

Type           : Worst-case tco
Slack          : N/A
Required Time  : None
Actual Time    : 32.200 ns
From           : lpm_dff0:inst6|lpm_ff:lpm_ff_component|dffs[1]
To             : comp
From Clock     : CK
To Clock       : --
Failed Paths   : 0

Type           : Worst-case th
Slack          : N/A
Required Time  : None
Actual Time    : 9.900 ns
From           : Rin
To             : lpm_dff1:inst15|lpm_ff:lpm_ff_component|dffs[0]
From Clock     : --
To Clock       : CK
Failed Paths   : 0

Type           : Clock Setup: 'CK'
Slack          : N/A
Required Time  : None
Actual Time    : 17.86 MHz ( period = 56.000 ns )
From           : compfase2:inst26|fstate.state2
To             : lpm_dff1:inst15|lpm_ff:lpm_ff_component|dffs[0]
From Clock     : CK
To Clock       : CK
Failed Paths   : 0

Type           : Clock Hold: 'CK'
Slack          : Not operational: Clock Skew > Data Delay
Required Time  : None
Actual Time    : N/A
From           : compfase2:inst26|fstate.state1
To             : compfase2:inst26|fstate.state2
From Clock     : CK
To Clock       : CK
Failed Paths   : 116

Type           : Total number of failed paths
Slack          : 
Required Time  : 
Actual Time    : 
From           : 
To             : 
From Clock     : 
To Clock       : 
Failed Paths   : 116

--------------------------------------------------------------------------------------

