Fitter report for Projeto_RST
Fri May 20 22:46:52 2016
Quartus II Version 9.0 Build 235 06/17/2009 Service Pack 2 SJ Web Edition


---------------------
; Table of Contents ;
---------------------
  1. Legal Notice
  2. Fitter Summary
  3. Fitter Settings
  4. Parallel Compilation
  5. Fitter Device Options
  6. Input Pins
  7. Output Pins
  8. All Package Pins
  9. Control Signals
 10. Global & Other Fast Signals
 11. Carry Chains
 12. Non-Global High Fan-Out Signals
 13. Peripheral Signals
 14. LAB
 15. Local Routing Interconnect
 16. LAB External Interconnect
 17. Row Interconnect
 18. LAB Column Interconnect
 19. LAB Column Interconnect
 20. Fitter Resource Usage Summary
 21. Fitter Resource Utilization by Entity
 22. Delay Chain Summary
 23. Pin-Out File
 24. Fitter Messages



----------------
; Legal Notice ;
----------------
Copyright (C) 1991-2009 Altera Corporation
Your use of Altera Corporation's design tools, logic functions 
and other software and tools, and its AMPP partner logic 
functions, and any output files from any of the foregoing 
(including device programming or simulation files), and any 
associated documentation or information are expressly subject 
to the terms and conditions of the Altera Program License 
Subscription Agreement, Altera MegaCore Function License 
Agreement, or other applicable license agreement, including, 
without limitation, that your use is for the sole purpose of 
programming logic devices manufactured by Altera and sold by 
Altera or its authorized distributors.  Please refer to the 
applicable agreement for further details.



+----------------------------------------------------------------------+
; Fitter Summary                                                       ;
+-----------------------+----------------------------------------------+
; Fitter Status         ; Successful - Fri May 20 22:46:52 2016        ;
; Quartus II Version    ; 9.0 Build 235 06/17/2009 SP 2 SJ Web Edition ;
; Revision Name         ; Projeto_RST                                  ;
; Top-level Entity Name ; Projeto_RST                                  ;
; Family                ; FLEX10K                                      ;
; Device                ; EPF10K20RC240-4                              ;
; Timing Models         ; Final                                        ;
; Total logic elements  ; 220 / 1,152 ( 19 % )                         ;
; Total pins            ; 32 / 189 ( 17 % )                            ;
; Total memory bits     ; 0 / 12,288 ( 0 % )                           ;
+-----------------------+----------------------------------------------+


+------------------------------------------------------------------------------------------------------+
; Fitter Settings                                                                                      ;
+------------------------------------------------------------+--------------------+--------------------+
; Option                                                     ; Setting            ; Default Value      ;
+------------------------------------------------------------+--------------------+--------------------+
; Device                                                     ; EPF10K20RC240-4    ;                    ;
; Use smart compilation                                      ; Off                ; Off                ;
; Use TimeQuest Timing Analyzer                              ; Off                ; Off                ;
; Router Timing Optimization Level                           ; Normal             ; Normal             ;
; Placement Effort Multiplier                                ; 1.0                ; 1.0                ;
; Router Effort Multiplier                                   ; 1.0                ; 1.0                ;
; Optimize Timing                                            ; Normal compilation ; Normal compilation ;
; Optimize Timing for ECOs                                   ; Off                ; Off                ;
; Regenerate full fit report during ECO compiles             ; Off                ; Off                ;
; Optimize IOC Register Placement for Timing                 ; On                 ; On                 ;
; Limit to One Fitting Attempt                               ; Off                ; Off                ;
; Final Placement Optimizations                              ; Automatically      ; Automatically      ;
; Fitter Aggressive Routability Optimizations                ; Automatically      ; Automatically      ;
; Fitter Initial Placement Seed                              ; 1                  ; 1                  ;
; Slow Slew Rate                                             ; Off                ; Off                ;
; Auto Global Memory Control Signals                         ; Off                ; Off                ;
; Logic Cell Insertion - Individual Logic Cells              ; On                 ; On                 ;
; Logic Cell Insertion - I/Os Fed By Carry or Cascade Chains ; On                 ; On                 ;
; Fitter Effort                                              ; Auto Fit           ; Auto Fit           ;
; Auto Global Clock                                          ; On                 ; On                 ;
; Auto Global Output Enable                                  ; On                 ; On                 ;
; Auto Global Register Control Signals                       ; On                 ; On                 ;
; Force Fitter to Avoid Periphery Placement Warnings         ; Off                ; Off                ;
+------------------------------------------------------------+--------------------+--------------------+


Parallel compilation was disabled, but you have multiple processors available. Enable parallel compilation to reduce compilation time.
+-------------------------------------+
; Parallel Compilation                ;
+----------------------------+--------+
; Processors                 ; Number ;
+----------------------------+--------+
; Number detected on machine ; 4      ;
; Maximum allowed            ; 1      ;
+----------------------------+--------+


+-------------------------------------------------------------------------+
; Fitter Device Options                                                   ;
+----------------------------------------------+--------------------------+
; Option                                       ; Setting                  ;
+----------------------------------------------+--------------------------+
; Enable user-supplied start-up clock (CLKUSR) ; Off                      ;
; Enable device-wide reset (DEV_CLRn)          ; Off                      ;
; Enable device-wide output enable (DEV_OE)    ; Off                      ;
; Enable INIT_DONE output                      ; Off                      ;
; Configuration scheme                         ; Passive Serial           ;
; nWS, nRS, nCS, CS                            ; Unreserved               ;
; RDYnBUSY                                     ; Unreserved               ;
; Data[7..1]                                   ; Unreserved               ;
; Reserve all unused pins                      ; As output driving ground ;
; Base pin-out file on sameframe device        ; Off                      ;
+----------------------------------------------+--------------------------+


+--------------------------------------------------------------------------------------------------------------------------------------+
; Input Pins                                                                                                                           ;
+------+-------+-----+------+---------+--------+--------------+-------------------------+---------------+---------------+--------------+
; Name ; Pin # ; Row ; Col. ; Fan-Out ; Global ; I/O Register ; Use Local Routing Input ; Power Up High ; Single-Pin CE ; I/O Standard ;
+------+-------+-----+------+---------+--------+--------------+-------------------------+---------------+---------------+--------------+
; Rin  ; 210   ; --  ; --   ; 3       ; no     ; no           ; no                      ; no            ; no            ; TTL          ;
; Sin  ; 90    ; --  ; --   ; 3       ; no     ; no           ; no                      ; no            ; no            ; TTL          ;
; Tin  ; 92    ; --  ; --   ; 3       ; no     ; no           ; no                      ; no            ; no            ; TTL          ;
; CK   ; 91    ; --  ; --   ; 71      ; yes    ; no           ; no                      ; no            ; no            ; TTL          ;
+------+-------+-----+------+---------+--------+--------------+-------------------------+---------------+---------------+--------------+


+--------------------------------------------------------------------------------------------------------------------------------------------------------------------------------------+
; Output Pins                                                                                                                                                                          ;
+----------+-------+-----+------+--------------+--------------------------+---------------+----------------+---------------+---------------+------------+---------------+--------------+
; Name     ; Pin # ; Row ; Col. ; I/O Register ; Use Local Routing Output ; Power Up High ; Slow Slew Rate ; Single-Pin OE ; Single-Pin CE ; Open Drain ; TRI Primitive ; I/O Standard ;
+----------+-------+-----+------+--------------+--------------------------+---------------+----------------+---------------+---------------+------------+---------------+--------------+
; copy     ; 65    ; --  ; 23   ; no           ; no                       ; no            ; no             ; no            ; no            ; no         ; no            ; TTL          ;
; Rout     ; 13    ;  B  ; --   ; no           ; no                       ; no            ; no             ; no            ; no            ; no         ; no            ; TTL          ;
; Sout     ; 15    ;  B  ; --   ; no           ; no                       ; no            ; no             ; no            ; no            ; no         ; no            ; TTL          ;
; Tout     ; 17    ;  B  ; --   ; no           ; no                       ; no            ; no             ; no            ; no            ; no         ; no            ; TTL          ;
; comp     ; 36    ;  D  ; --   ; no           ; no                       ; no            ; no             ; no            ; no            ; no         ; no            ; TTL          ;
; Entrada  ; 67    ; --  ; 22   ; no           ; no                       ; no            ; no             ; no            ; no            ; no         ; no            ; TTL          ;
; LD       ; 87    ; --  ; 13   ; no           ; no                       ; no            ; no             ; no            ; no            ; no         ; no            ; TTL          ;
; CL       ; 81    ; --  ; 16   ; no           ; no                       ; no            ; no             ; no            ; no            ; no         ; no            ; TTL          ;
; cont[19] ; 222   ; --  ; 17   ; no           ; no                       ; no            ; no             ; no            ; no            ; no         ; no            ; TTL          ;
; cont[18] ; 143   ;  D  ; --   ; no           ; no                       ; no            ; no             ; no            ; no            ; no         ; no            ; TTL          ;
; cont[17] ; 73    ; --  ; 19   ; no           ; no                       ; no            ; no             ; no            ; no            ; no         ; no            ; TTL          ;
; cont[16] ; 38    ;  D  ; --   ; no           ; no                       ; no            ; no             ; no            ; no            ; no         ; no            ; TTL          ;
; cont[15] ; 61    ;  F  ; --   ; no           ; no                       ; no            ; no             ; no            ; no            ; no         ; no            ; TTL          ;
; cont[14] ; 39    ;  D  ; --   ; no           ; no                       ; no            ; no             ; no            ; no            ; no         ; no            ; TTL          ;
; cont[13] ; 147   ;  D  ; --   ; no           ; no                       ; no            ; no             ; no            ; no            ; no         ; no            ; TTL          ;
; cont[12] ; 34    ;  D  ; --   ; no           ; no                       ; no            ; no             ; no            ; no            ; no         ; no            ; TTL          ;
; cont[11] ; 146   ;  D  ; --   ; no           ; no                       ; no            ; no             ; no            ; no            ; no         ; no            ; TTL          ;
; cont[10] ; 207   ; --  ; 12   ; no           ; no                       ; no            ; no             ; no            ; no            ; no         ; no            ; TTL          ;
; cont[9]  ; 35    ;  D  ; --   ; no           ; no                       ; no            ; no             ; no            ; no            ; no         ; no            ; TTL          ;
; cont[8]  ; 144   ;  D  ; --   ; no           ; no                       ; no            ; no             ; no            ; no            ; no         ; no            ; TTL          ;
; cont[7]  ; 149   ;  D  ; --   ; no           ; no                       ; no            ; no             ; no            ; no            ; no         ; no            ; TTL          ;
; cont[6]  ; 148   ;  D  ; --   ; no           ; no                       ; no            ; no             ; no            ; no            ; no         ; no            ; TTL          ;
; cont[5]  ; 226   ; --  ; 19   ; no           ; no                       ; no            ; no             ; no            ; no            ; no         ; no            ; TTL          ;
; cont[4]  ; 217   ; --  ; 15   ; no           ; no                       ; no            ; no             ; no            ; no            ; no         ; no            ; TTL          ;
; cont[3]  ; 31    ;  D  ; --   ; no           ; no                       ; no            ; no             ; no            ; no            ; no         ; no            ; TTL          ;
; cont[2]  ; 215   ; --  ; 14   ; no           ; no                       ; no            ; no             ; no            ; no            ; no         ; no            ; TTL          ;
; cont[1]  ; 151   ;  D  ; --   ; no           ; no                       ; no            ; no             ; no            ; no            ; no         ; no            ; TTL          ;
; cont[0]  ; 158   ;  C  ; --   ; no           ; no                       ; no            ; no             ; no            ; no            ; no         ; no            ; TTL          ;
+----------+-------+-----+------+--------------+--------------------------+---------------+----------------+---------------+---------------+------------+---------------+--------------+


+-----------------------------------+
; All Package Pins                  ;
+-------+------------+--------------+
; Pin # ; Usage      ; I/O Standard ;
+-------+------------+--------------+
; 1     ; #TCK       ;              ;
; 2     ; ^CONF_DONE ;              ;
; 3     ; ^nCEO      ;              ;
; 4     ; #TDO       ;              ;
; 5     ; VCC_INT    ;              ;
; 6     ; GND*       ;              ;
; 7     ; GND*       ;              ;
; 8     ; GND*       ;              ;
; 9     ; GND*       ;              ;
; 10    ; GND_INT    ;              ;
; 11    ; GND*       ;              ;
; 12    ; GND*       ;              ;
; 13    ; Rout       ; TTL          ;
; 14    ; GND*       ;              ;
; 15    ; Sout       ; TTL          ;
; 16    ; VCC_INT    ;              ;
; 17    ; Tout       ; TTL          ;
; 18    ; GND*       ;              ;
; 19    ; GND*       ;              ;
; 20    ; GND*       ;              ;
; 21    ; GND*       ;              ;
; 22    ; GND_INT    ;              ;
; 23    ; GND*       ;              ;
; 24    ; GND*       ;              ;
; 25    ; GND*       ;              ;
; 26    ; GND*       ;              ;
; 27    ; VCC_INT    ;              ;
; 28    ; GND*       ;              ;
; 29    ; GND*       ;              ;
; 30    ; GND*       ;              ;
; 31    ; cont[3]    ; TTL          ;
; 32    ; GND_INT    ;              ;
; 33    ; GND*       ;              ;
; 34    ; cont[12]   ; TTL          ;
; 35    ; cont[9]    ; TTL          ;
; 36    ; comp       ; TTL          ;
; 37    ; VCC_INT    ;              ;
; 38    ; cont[16]   ; TTL          ;
; 39    ; cont[14]   ; TTL          ;
; 40    ; GND*       ;              ;
; 41    ; GND*       ;              ;
; 42    ; GND_INT    ;              ;
; 43    ; GND*       ;              ;
; 44    ; GND*       ;              ;
; 45    ; GND*       ;              ;
; 46    ; GND*       ;              ;
; 47    ; VCC_INT    ;              ;
; 48    ; GND*       ;              ;
; 49    ; GND*       ;              ;
; 50    ; GND*       ;              ;
; 51    ; GND*       ;              ;
; 52    ; GND_INT    ;              ;
; 53    ; GND*       ;              ;
; 54    ; GND*       ;              ;
; 55    ; GND*       ;              ;
; 56    ; GND*       ;              ;
; 57    ; VCC_INT    ;              ;
; 58    ; #TMS       ;              ;
; 59    ; #TRST      ;              ;
; 60    ; ^nSTATUS   ;              ;
; 61    ; cont[15]   ; TTL          ;
; 62    ; GND*       ;              ;
; 63    ; GND*       ;              ;
; 64    ; GND*       ;              ;
; 65    ; copy       ; TTL          ;
; 66    ; GND*       ;              ;
; 67    ; Entrada    ; TTL          ;
; 68    ; GND*       ;              ;
; 69    ; GND_INT    ;              ;
; 70    ; GND*       ;              ;
; 71    ; GND*       ;              ;
; 72    ; GND*       ;              ;
; 73    ; cont[17]   ; TTL          ;
; 74    ; GND*       ;              ;
; 75    ; GND*       ;              ;
; 76    ; GND*       ;              ;
; 77    ; VCC_INT    ;              ;
; 78    ; GND*       ;              ;
; 79    ; GND*       ;              ;
; 80    ; GND*       ;              ;
; 81    ; CL         ; TTL          ;
; 82    ; GND*       ;              ;
; 83    ; GND*       ;              ;
; 84    ; GND*       ;              ;
; 85    ; GND_INT    ;              ;
; 86    ; GND*       ;              ;
; 87    ; LD         ; TTL          ;
; 88    ; GND*       ;              ;
; 89    ; VCC_INT    ;              ;
; 90    ; Sin        ; TTL          ;
; 91    ; CK         ; TTL          ;
; 92    ; Tin        ; TTL          ;
; 93    ; GND_INT    ;              ;
; 94    ; GND*       ;              ;
; 95    ; GND*       ;              ;
; 96    ; VCC_INT    ;              ;
; 97    ; GND*       ;              ;
; 98    ; GND*       ;              ;
; 99    ; GND*       ;              ;
; 100   ; GND*       ;              ;
; 101   ; GND*       ;              ;
; 102   ; GND*       ;              ;
; 103   ; GND*       ;              ;
; 104   ; GND_INT    ;              ;
; 105   ; GND*       ;              ;
; 106   ; GND*       ;              ;
; 107   ; GND*       ;              ;
; 108   ; GND*       ;              ;
; 109   ; GND*       ;              ;
; 110   ; GND*       ;              ;
; 111   ; GND*       ;              ;
; 112   ; VCC_INT    ;              ;
; 113   ; GND*       ;              ;
; 114   ; GND*       ;              ;
; 115   ; GND*       ;              ;
; 116   ; GND*       ;              ;
; 117   ; GND*       ;              ;
; 118   ; GND*       ;              ;
; 119   ; GND*       ;              ;
; 120   ; GND*       ;              ;
; 121   ; ^nCONFIG   ;              ;
; 122   ; VCC_INT    ;              ;
; 123   ; ^MSEL1     ;              ;
; 124   ; ^MSEL0     ;              ;
; 125   ; GND_INT    ;              ;
; 126   ; GND*       ;              ;
; 127   ; GND*       ;              ;
; 128   ; GND*       ;              ;
; 129   ; GND*       ;              ;
; 130   ; VCC_INT    ;              ;
; 131   ; GND*       ;              ;
; 132   ; GND*       ;              ;
; 133   ; GND*       ;              ;
; 134   ; GND*       ;              ;
; 135   ; GND_INT    ;              ;
; 136   ; GND*       ;              ;
; 137   ; GND*       ;              ;
; 138   ; GND*       ;              ;
; 139   ; GND*       ;              ;
; 140   ; VCC_INT    ;              ;
; 141   ; GND*       ;              ;
; 142   ; GND*       ;              ;
; 143   ; cont[18]   ; TTL          ;
; 144   ; cont[8]    ; TTL          ;
; 145   ; GND_INT    ;              ;
; 146   ; cont[11]   ; TTL          ;
; 147   ; cont[13]   ; TTL          ;
; 148   ; cont[6]    ; TTL          ;
; 149   ; cont[7]    ; TTL          ;
; 150   ; VCC_INT    ;              ;
; 151   ; cont[1]    ; TTL          ;
; 152   ; GND*       ;              ;
; 153   ; GND*       ;              ;
; 154   ; GND*       ;              ;
; 155   ; GND_INT    ;              ;
; 156   ; GND*       ;              ;
; 157   ; GND*       ;              ;
; 158   ; cont[0]    ; TTL          ;
; 159   ; GND*       ;              ;
; 160   ; VCC_INT    ;              ;
; 161   ; GND*       ;              ;
; 162   ; GND*       ;              ;
; 163   ; GND*       ;              ;
; 164   ; GND*       ;              ;
; 165   ; GND_INT    ;              ;
; 166   ; GND*       ;              ;
; 167   ; GND*       ;              ;
; 168   ; GND*       ;              ;
; 169   ; GND*       ;              ;
; 170   ; VCC_INT    ;              ;
; 171   ; GND*       ;              ;
; 172   ; GND*       ;              ;
; 173   ; GND*       ;              ;
; 174   ; GND*       ;              ;
; 175   ; GND*       ;              ;
; 176   ; GND_INT    ;              ;
; 177   ; #TDI       ;              ;
; 178   ; ^nCE       ;              ;
; 179   ; ^DCLK      ;              ;
; 180   ; ^DATA0     ;              ;
; 181   ; GND*       ;              ;
; 182   ; GND*       ;              ;
; 183   ; GND*       ;              ;
; 184   ; GND*       ;              ;
; 185   ; GND*       ;              ;
; 186   ; GND*       ;              ;
; 187   ; GND*       ;              ;
; 188   ; GND*       ;              ;
; 189   ; VCC_INT    ;              ;
; 190   ; GND*       ;              ;
; 191   ; GND*       ;              ;
; 192   ; GND*       ;              ;
; 193   ; GND*       ;              ;
; 194   ; GND*       ;              ;
; 195   ; GND*       ;              ;
; 196   ; GND*       ;              ;
; 197   ; GND_INT    ;              ;
; 198   ; GND*       ;              ;
; 199   ; GND*       ;              ;
; 200   ; GND*       ;              ;
; 201   ; GND*       ;              ;
; 202   ; GND*       ;              ;
; 203   ; GND*       ;              ;
; 204   ; GND*       ;              ;
; 205   ; VCC_INT    ;              ;
; 206   ; GND*       ;              ;
; 207   ; cont[10]   ; TTL          ;
; 208   ; GND*       ;              ;
; 209   ; GND*       ;              ;
; 210   ; Rin        ; TTL          ;
; 211   ; GND+       ;              ;
; 212   ; GND+       ;              ;
; 213   ; GND*       ;              ;
; 214   ; GND*       ;              ;
; 215   ; cont[2]    ; TTL          ;
; 216   ; GND_INT    ;              ;
; 217   ; cont[4]    ; TTL          ;
; 218   ; GND*       ;              ;
; 219   ; GND*       ;              ;
; 220   ; GND*       ;              ;
; 221   ; GND*       ;              ;
; 222   ; cont[19]   ; TTL          ;
; 223   ; GND*       ;              ;
; 224   ; VCC_INT    ;              ;
; 225   ; GND*       ;              ;
; 226   ; cont[5]    ; TTL          ;
; 227   ; GND*       ;              ;
; 228   ; GND*       ;              ;
; 229   ; GND*       ;              ;
; 230   ; GND*       ;              ;
; 231   ; GND*       ;              ;
; 232   ; GND_INT    ;              ;
; 233   ; GND*       ;              ;
; 234   ; GND*       ;              ;
; 235   ; GND*       ;              ;
; 236   ; GND*       ;              ;
; 237   ; GND*       ;              ;
; 238   ; GND*       ;              ;
; 239   ; GND*       ;              ;
; 240   ; GND*       ;              ;
+-------+------------+--------------+


+------------------------------------------------------------------------------------------------------------------------------------------------------------------------------------------------------------------------------------------------------------------------------+
; Control Signals                                                                                                                                                                                                                                                              ;
+----------------------------------------------------------------------------------------------------------------------------------------------------------------------------------------------------------------------------+---------+---------+--------------+--------------+
; Name                                                                                                                                                                                                                       ; Pin #   ; Fan-Out ; Usage        ; Global Usage ;
+----------------------------------------------------------------------------------------------------------------------------------------------------------------------------------------------------------------------------+---------+---------+--------------+--------------+
; UCF:inst11|fstate.Sete_LD_CL                                                                                                                                                                                               ; LC1_D14 ; 47      ; Clock        ; Internal     ;
; UCF:inst11|WideOr7~2                                                                                                                                                                                                       ; LC5_B15 ; 24      ; Clock        ; Non-global   ;
; inst13                                                                                                                                                                                                                     ; LC8_B15 ; 23      ; Async. clear ; Non-global   ;
; CK                                                                                                                                                                                                                         ; 91      ; 71      ; Clock        ; Pin          ;
; lpm_compare1:inst23|lpm_compare:lpm_compare_component|comptree:comparator|cmpchain:cmp_end|agb_out                                                                                                                         ; LC6_F17 ; 4       ; Clock        ; Non-global   ;
; GeradorRST:inst25|inst5                                                                                                                                                                                                    ; LC1_C16 ; 4       ; Clock        ; Non-global   ;
; GeradorRST:inst25|lpm_counter0:inst7|lpm_counter:lpm_counter_component|alt_counter_f10ke:wysi_counter|cout                                                                                                                 ; LC5_C17 ; 1       ; Clock        ; Non-global   ;
; GeradorRST:inst25|lpm_counter0:inst7|lpm_counter:lpm_counter_component|alt_counter_f10ke:wysi_counter|lpm_compare:$00023|comptree:comparator|cmpchain:cmp_end|comptree:comp|comptree:sub_comptree|cmpchain:cmp_end|aeb_out ; LC1_C13 ; 17      ; Sync. load   ; Non-global   ;
; lpm_counter2:inst18|lpm_counter:lpm_counter_component|alt_counter_f10ke:wysi_counter|cout                                                                                                                                  ; LC4_F24 ; 20      ; Clock        ; Non-global   ;
+----------------------------------------------------------------------------------------------------------------------------------------------------------------------------------------------------------------------------+---------+---------+--------------+--------------+


+-----------------------------------------------------------+
; Global & Other Fast Signals                               ;
+------------------------------+---------+---------+--------+
; Name                         ; Pin #   ; Fan-Out ; Global ;
+------------------------------+---------+---------+--------+
; UCF:inst11|fstate.Sete_LD_CL ; LC1_D14 ; 47      ; yes    ;
; Rin                          ; 210     ; 3       ; no     ;
; Sin                          ; 90      ; 3       ; no     ;
; Tin                          ; 92      ; 3       ; no     ;
; CK                           ; 91      ; 71      ; yes    ;
+------------------------------+---------+---------+--------+


+---------------------------------------------+
; Carry Chains                                ;
+--------------------+------------------------+
; Carry Chain Length ; Number of Carry Chains ;
+--------------------+------------------------+
; 0 - 1              ; 0                      ;
; 2 - 3              ; 0                      ;
; 4 - 5              ; 1                      ;
; 6 - 7              ; 0                      ;
; 8 - 9              ; 0                      ;
; 10 - 11            ; 0                      ;
; 12 - 13            ; 0                      ;
; 14 - 15            ; 0                      ;
; 16 - 17            ; 1                      ;
; 18 - 19            ; 0                      ;
; 20 - 21            ; 6                      ;
+--------------------+------------------------+


+----------------------------------------------------------------------------------------------------------------------------------------------------------------------------------------------------------------------------------------+
; Non-Global High Fan-Out Signals                                                                                                                                                                                                        ;
+------------------------------------------------------------------------------------------------------------------------------------------------------------------------------------------------------------------------------+---------+
; Name                                                                                                                                                                                                                         ; Fan-Out ;
+------------------------------------------------------------------------------------------------------------------------------------------------------------------------------------------------------------------------------+---------+
; UCF:inst11|WideOr7~4                                                                                                                                                                                                         ; 24      ;
; inst13~0                                                                                                                                                                                                                     ; 23      ;
; inst21~0                                                                                                                                                                                                                     ; 20      ;
; lpm_counter2:inst18|lpm_counter:lpm_counter_component|alt_counter_f10ke:wysi_counter|cout~0                                                                                                                                  ; 20      ;
; GeradorRST:inst25|lpm_counter0:inst7|lpm_counter:lpm_counter_component|alt_counter_f10ke:wysi_counter|lpm_compare:$00023|comptree:comparator|cmpchain:cmp_end|comptree:comp|comptree:sub_comptree|cmpchain:cmp_end|aeb_out~2 ; 17      ;
; ~GND~0                                                                                                                                                                                                                       ; 16      ;
; GeradorRST:inst25|inst~1                                                                                                                                                                                                     ; 12      ;
; UCF:inst11|fstate.Tres~2                                                                                                                                                                                                     ; 6       ;
; UCF:inst11|fstate.Quinze~2                                                                                                                                                                                                   ; 6       ;
; lpm_counter1:inst3|lpm_counter:lpm_counter_component|alt_counter_f10ke:wysi_counter|counter_cell[18]~COUT                                                                                                                    ; 4       ;
; lpm_counter1:inst3|lpm_counter:lpm_counter_component|alt_counter_f10ke:wysi_counter|counter_cell[17]~COUT                                                                                                                    ; 4       ;
; lpm_compare0:inst4|lpm_compare:lpm_compare_component|comptree:comparator|cmpchain:cmp_end|agb_out~0                                                                                                                          ; 4       ;
; lpm_dff1:inst15|lpm_ff:lpm_ff_component|dffs[0]~2                                                                                                                                                                            ; 4       ;
; lpm_dff1:inst15|lpm_ff:lpm_ff_component|dffs[2]~0                                                                                                                                                                            ; 4       ;
; GeradorRST:inst25|inst5~2                                                                                                                                                                                                    ; 4       ;
; lpm_counter1:inst3|lpm_counter:lpm_counter_component|alt_counter_f10ke:wysi_counter|counter_cell[0]~COUT                                                                                                                     ; 4       ;
; lpm_compare1:inst23|lpm_compare:lpm_compare_component|comptree:comparator|cmpchain:cmp_end|agb_out~0                                                                                                                         ; 4       ;
; lpm_dff1:inst15|lpm_ff:lpm_ff_component|dffs[1]~1                                                                                                                                                                            ; 4       ;
; lpm_counter1:inst3|lpm_counter:lpm_counter_component|alt_counter_f10ke:wysi_counter|counter_cell[8]~COUT                                                                                                                     ; 4       ;
; lpm_counter1:inst3|lpm_counter:lpm_counter_component|alt_counter_f10ke:wysi_counter|counter_cell[4]~COUT                                                                                                                     ; 4       ;
; lpm_counter1:inst3|lpm_counter:lpm_counter_component|alt_counter_f10ke:wysi_counter|counter_cell[2]~COUT                                                                                                                     ; 4       ;
; lpm_counter1:inst3|lpm_counter:lpm_counter_component|alt_counter_f10ke:wysi_counter|counter_cell[1]~COUT                                                                                                                     ; 4       ;
; compfase2:inst26|fstate.state2~3                                                                                                                                                                                             ; 4       ;
; compfase2:inst26|fstate.state3~3                                                                                                                                                                                             ; 4       ;
; lpm_counter1:inst3|lpm_counter:lpm_counter_component|alt_counter_f10ke:wysi_counter|counter_cell[3]~COUT                                                                                                                     ; 4       ;
; lpm_counter1:inst3|lpm_counter:lpm_counter_component|alt_counter_f10ke:wysi_counter|counter_cell[7]~COUT                                                                                                                     ; 4       ;
; lpm_counter1:inst3|lpm_counter:lpm_counter_component|alt_counter_f10ke:wysi_counter|counter_cell[6]~COUT                                                                                                                     ; 4       ;
; lpm_counter1:inst3|lpm_counter:lpm_counter_component|alt_counter_f10ke:wysi_counter|counter_cell[5]~COUT                                                                                                                     ; 4       ;
; lpm_counter1:inst3|lpm_counter:lpm_counter_component|alt_counter_f10ke:wysi_counter|counter_cell[16]~COUT                                                                                                                    ; 4       ;
; lpm_counter1:inst3|lpm_counter:lpm_counter_component|alt_counter_f10ke:wysi_counter|counter_cell[12]~COUT                                                                                                                    ; 4       ;
; lpm_counter1:inst3|lpm_counter:lpm_counter_component|alt_counter_f10ke:wysi_counter|counter_cell[10]~COUT                                                                                                                    ; 4       ;
; lpm_counter1:inst3|lpm_counter:lpm_counter_component|alt_counter_f10ke:wysi_counter|counter_cell[9]~COUT                                                                                                                     ; 4       ;
; lpm_counter1:inst3|lpm_counter:lpm_counter_component|alt_counter_f10ke:wysi_counter|counter_cell[11]~COUT                                                                                                                    ; 4       ;
; lpm_counter1:inst3|lpm_counter:lpm_counter_component|alt_counter_f10ke:wysi_counter|counter_cell[15]~COUT                                                                                                                    ; 4       ;
; lpm_counter1:inst3|lpm_counter:lpm_counter_component|alt_counter_f10ke:wysi_counter|counter_cell[14]~COUT                                                                                                                    ; 4       ;
; lpm_counter1:inst3|lpm_counter:lpm_counter_component|alt_counter_f10ke:wysi_counter|counter_cell[13]~COUT                                                                                                                    ; 4       ;
; lpm_dff0:inst6|lpm_ff:lpm_ff_component|dffs[3]~36                                                                                                                                                                            ; 3       ;
; lpm_dff0:inst6|lpm_ff:lpm_ff_component|dffs[5]~34                                                                                                                                                                            ; 3       ;
; lpm_counter1:inst3|lpm_counter:lpm_counter_component|alt_counter_f10ke:wysi_counter|q[19]~0                                                                                                                                  ; 3       ;
; lpm_dff0:inst6|lpm_ff:lpm_ff_component|dffs[6]~33                                                                                                                                                                            ; 3       ;
; lpm_dff0:inst6|lpm_ff:lpm_ff_component|dffs[7]~32                                                                                                                                                                            ; 3       ;
; lpm_counter2:inst18|lpm_counter:lpm_counter_component|alt_counter_f10ke:wysi_counter|sclr_node~1                                                                                                                             ; 3       ;
; Tin                                                                                                                                                                                                                          ; 3       ;
; Rin                                                                                                                                                                                                                          ; 3       ;
; Sin                                                                                                                                                                                                                          ; 3       ;
; lpm_dff0:inst6|lpm_ff:lpm_ff_component|dffs[9]~30                                                                                                                                                                            ; 3       ;
; lpm_dff0:inst6|lpm_ff:lpm_ff_component|dffs[8]~31                                                                                                                                                                            ; 3       ;
; lpm_dff0:inst6|lpm_ff:lpm_ff_component|dffs[11]~28                                                                                                                                                                           ; 3       ;
; lpm_dff0:inst6|lpm_ff:lpm_ff_component|dffs[10]~29                                                                                                                                                                           ; 3       ;
; UCF:inst11|fstate.Zero~2                                                                                                                                                                                                     ; 3       ;
+------------------------------------------------------------------------------------------------------------------------------------------------------------------------------------------------------------------------------+---------+


+---------------------------------------------------------------------------------------------------------+
; Peripheral Signals                                                                                      ;
+------------------------------+---------+-------+-----------------+---------------------------+----------+
; Peripheral Signal            ; Source  ; Usage ; Dedicated Clock ; Peripheral Control Signal ; Polarity ;
+------------------------------+---------+-------+-----------------+---------------------------+----------+
; UCF:inst11|fstate.Sete_LD_CL ; LC1_D14 ; Clock ; no              ; yes                       ; +ve      ;
+------------------------------+---------+-------+-----------------+---------------------------+----------+


+-------------------------------------------+
; LAB                                       ;
+--------------------------+----------------+
; Number of Logic Elements ; Number of LABs ;
+--------------------------+----------------+
; 0                        ; 97             ;
; 1                        ; 20             ;
; 2                        ; 1              ;
; 3                        ; 0              ;
; 4                        ; 0              ;
; 5                        ; 1              ;
; 6                        ; 3              ;
; 7                        ; 1              ;
; 8                        ; 21             ;
+--------------------------+----------------+


+----------------------------------------------+
; Local Routing Interconnect                   ;
+-----------------------------+----------------+
; Local Routing Interconnects ; Number of LABs ;
+-----------------------------+----------------+
; 0                           ; 126            ;
; 1                           ; 1              ;
; 2                           ; 10             ;
; 3                           ; 0              ;
; 4                           ; 2              ;
; 5                           ; 2              ;
; 6                           ; 0              ;
; 7                           ; 0              ;
; 8                           ; 3              ;
+-----------------------------+----------------+


+---------------------------------------------+
; LAB External Interconnect                   ;
+----------------------------+----------------+
; LAB External Interconnects ; Number of LABs ;
+----------------------------+----------------+
; 0                          ; 97             ;
; 1                          ; 27             ;
; 2                          ; 6              ;
; 3                          ; 2              ;
; 4                          ; 0              ;
; 5                          ; 0              ;
; 6                          ; 0              ;
; 7                          ; 0              ;
; 8                          ; 0              ;
; 9                          ; 3              ;
; 10                         ; 4              ;
; 11                         ; 0              ;
; 12                         ; 2              ;
; 13                         ; 0              ;
; 14                         ; 0              ;
; 15                         ; 0              ;
; 16                         ; 3              ;
+----------------------------+----------------+


+----------------------------------------------------------------------------------------+
; Row Interconnect                                                                       ;
+-------+-------------------+-----------------------------+------------------------------+
; Row   ; Interconnect Used ; Left Half Interconnect Used ; Right Half Interconnect Used ;
+-------+-------------------+-----------------------------+------------------------------+
;  A    ;  1 / 96 ( 1 % )   ;  0 / 48 ( 0 % )             ;  0 / 48 ( 0 % )              ;
;  B    ;  2 / 96 ( 2 % )   ;  0 / 48 ( 0 % )             ;  12 / 48 ( 25 % )            ;
;  C    ;  0 / 96 ( 0 % )   ;  1 / 48 ( 2 % )             ;  14 / 48 ( 29 % )            ;
;  D    ;  20 / 96 ( 21 % ) ;  5 / 48 ( 10 % )            ;  26 / 48 ( 54 % )            ;
;  E    ;  0 / 96 ( 0 % )   ;  0 / 48 ( 0 % )             ;  0 / 48 ( 0 % )              ;
;  F    ;  24 / 96 ( 25 % ) ;  8 / 48 ( 17 % )            ;  28 / 48 ( 58 % )            ;
; Total ;  47 / 576 ( 8 % ) ;  14 / 288 ( 5 % )           ;  80 / 288 ( 28 % )           ;
+-------+-------------------+-----------------------------+------------------------------+


+---------------------------+
; LAB Column Interconnect   ;
+-------+-------------------+
; Col.  ; Interconnect Used ;
+-------+-------------------+
; 1     ;  1 / 24 ( 4 % )   ;
; 2     ;  0 / 24 ( 0 % )   ;
; 3     ;  0 / 24 ( 0 % )   ;
; 4     ;  0 / 24 ( 0 % )   ;
; 5     ;  0 / 24 ( 0 % )   ;
; 6     ;  0 / 24 ( 0 % )   ;
; 7     ;  0 / 24 ( 0 % )   ;
; 8     ;  0 / 24 ( 0 % )   ;
; 9     ;  0 / 24 ( 0 % )   ;
; 10    ;  0 / 24 ( 0 % )   ;
; 11    ;  0 / 24 ( 0 % )   ;
; 12    ;  1 / 24 ( 4 % )   ;
; 13    ;  2 / 24 ( 8 % )   ;
; 14    ;  3 / 24 ( 13 % )  ;
; 15    ;  3 / 24 ( 13 % )  ;
; 16    ;  1 / 24 ( 4 % )   ;
; 17    ;  3 / 24 ( 13 % )  ;
; 18    ;  0 / 24 ( 0 % )   ;
; 19    ;  2 / 24 ( 8 % )   ;
; 20    ;  0 / 24 ( 0 % )   ;
; 21    ;  1 / 24 ( 4 % )   ;
; 22    ;  1 / 24 ( 4 % )   ;
; 23    ;  2 / 24 ( 8 % )   ;
; 24    ;  0 / 24 ( 0 % )   ;
; Total ;  20 / 576 ( 3 % ) ;
+-------+-------------------+


+---------------------------+
; LAB Column Interconnect   ;
+-------+-------------------+
; Col.  ; Interconnect Used ;
+-------+-------------------+
; 1     ;  0 / 24 ( 0 % )   ;
; Total ;  0 / 24 ( 0 % )   ;
+-------+-------------------+


+----------------------------------------------------------+
; Fitter Resource Usage Summary                            ;
+-----------------------------------+----------------------+
; Resource                          ; Usage                ;
+-----------------------------------+----------------------+
; Total logic elements              ; 220 / 1,152 ( 19 % ) ;
; Registers                         ; 141 / 1,152 ( 12 % ) ;
; Logic elements in carry chains    ; 141                  ;
; User inserted logic elements      ; 0                    ;
; I/O pins                          ; 32 / 189 ( 17 % )    ;
;     -- Clock pins                 ; 1 / 2 ( 50 % )       ;
;     -- Dedicated input pins       ; 3 / 4 ( 75 % )       ;
; Global signals                    ; 2                    ;
; EABs                              ; 0 / 6 ( 0 % )        ;
; Total memory bits                 ; 0 / 12,288 ( 0 % )   ;
; Total RAM block bits              ; 0 / 12,288 ( 0 % )   ;
; Maximum fan-out node              ; CK                   ;
; Maximum fan-out                   ; 71                   ;
; Highest non-global fan-out signal ; UCF:inst11|WideOr7~2 ;
; Highest non-global fan-out        ; 24                   ;
; Total fan-out                     ; 672                  ;
; Average fan-out                   ; 2.67                 ;
+-----------------------------------+----------------------+


+--------------------------------------------------------------------------------------------------------------------------------------------------------------------------------------------------------------------------------------------------------------------------------------------------------------------------------------------------------------------------------------------------------------------------------------------+
; Fitter Resource Utilization by Entity                                                                                                                                                                                                                                                                                                                                                                                                      ;
+----------------------------------------------------+-------------+--------------+-------------+------+--------------+-------------------+------------------+-----------------+------------+---------------------------------------------------------------------------------------------------------------------------------------------------------------------------------------------------------------------------------+--------------+
; Compilation Hierarchy Node                         ; Logic Cells ; LC Registers ; Memory Bits ; Pins ; LUT-Only LCs ; Register-Only LCs ; LUT/Register LCs ; Carry Chain LCs ; Packed LCs ; Full Hierarchy Name                                                                                                                                                                                                             ; Library Name ;
+----------------------------------------------------+-------------+--------------+-------------+------+--------------+-------------------+------------------+-----------------+------------+---------------------------------------------------------------------------------------------------------------------------------------------------------------------------------------------------------------------------------+--------------+
; |Projeto_RST                                       ; 220 (5)     ; 141          ; 0           ; 32   ; 79 (3)       ; 44 (1)            ; 97 (1)           ; 141 (0)         ; 0 (0)      ; |Projeto_RST                                                                                                                                                                                                                    ; work         ;
;    |GeradorRST:inst25|                             ; 26 (4)      ; 20           ; 0           ; 0    ; 6 (0)        ; 2 (2)             ; 18 (2)           ; 17 (0)          ; 0 (0)      ; |Projeto_RST|GeradorRST:inst25                                                                                                                                                                                                  ; work         ;
;       |lpm_counter0:inst7|                         ; 22 (0)      ; 16           ; 0           ; 0    ; 6 (0)        ; 0 (0)             ; 16 (0)           ; 17 (0)          ; 0 (0)      ; |Projeto_RST|GeradorRST:inst25|lpm_counter0:inst7                                                                                                                                                                               ; work         ;
;          |lpm_counter:lpm_counter_component|       ; 22 (0)      ; 16           ; 0           ; 0    ; 6 (0)        ; 0 (0)             ; 16 (0)           ; 17 (0)          ; 0 (0)      ; |Projeto_RST|GeradorRST:inst25|lpm_counter0:inst7|lpm_counter:lpm_counter_component                                                                                                                                             ; work         ;
;             |alt_counter_f10ke:wysi_counter|       ; 22 (17)     ; 16           ; 0           ; 0    ; 6 (1)        ; 0 (0)             ; 16 (16)          ; 17 (17)         ; 0 (0)      ; |Projeto_RST|GeradorRST:inst25|lpm_counter0:inst7|lpm_counter:lpm_counter_component|alt_counter_f10ke:wysi_counter                                                                                                              ; work         ;
;                |lpm_compare:$00023|                ; 5 (0)       ; 0            ; 0           ; 0    ; 5 (0)        ; 0 (0)             ; 0 (0)            ; 0 (0)           ; 0 (0)      ; |Projeto_RST|GeradorRST:inst25|lpm_counter0:inst7|lpm_counter:lpm_counter_component|alt_counter_f10ke:wysi_counter|lpm_compare:$00023                                                                                           ; work         ;
;                   |comptree:comparator|            ; 5 (0)       ; 0            ; 0           ; 0    ; 5 (0)        ; 0 (0)             ; 0 (0)            ; 0 (0)           ; 0 (0)      ; |Projeto_RST|GeradorRST:inst25|lpm_counter0:inst7|lpm_counter:lpm_counter_component|alt_counter_f10ke:wysi_counter|lpm_compare:$00023|comptree:comparator                                                                       ; work         ;
;                      |cmpchain:cmp_end|            ; 5 (0)       ; 0            ; 0           ; 0    ; 5 (0)        ; 0 (0)             ; 0 (0)            ; 0 (0)           ; 0 (0)      ; |Projeto_RST|GeradorRST:inst25|lpm_counter0:inst7|lpm_counter:lpm_counter_component|alt_counter_f10ke:wysi_counter|lpm_compare:$00023|comptree:comparator|cmpchain:cmp_end                                                      ; work         ;
;                         |comptree:comp|            ; 5 (0)       ; 0            ; 0           ; 0    ; 5 (0)        ; 0 (0)             ; 0 (0)            ; 0 (0)           ; 0 (0)      ; |Projeto_RST|GeradorRST:inst25|lpm_counter0:inst7|lpm_counter:lpm_counter_component|alt_counter_f10ke:wysi_counter|lpm_compare:$00023|comptree:comparator|cmpchain:cmp_end|comptree:comp                                        ; work         ;
;                            |cmpchain:cmp[0]|       ; 1 (1)       ; 0            ; 0           ; 0    ; 1 (1)        ; 0 (0)             ; 0 (0)            ; 0 (0)           ; 0 (0)      ; |Projeto_RST|GeradorRST:inst25|lpm_counter0:inst7|lpm_counter:lpm_counter_component|alt_counter_f10ke:wysi_counter|lpm_compare:$00023|comptree:comparator|cmpchain:cmp_end|comptree:comp|cmpchain:cmp[0]                        ; work         ;
;                            |cmpchain:cmp[1]|       ; 1 (1)       ; 0            ; 0           ; 0    ; 1 (1)        ; 0 (0)             ; 0 (0)            ; 0 (0)           ; 0 (0)      ; |Projeto_RST|GeradorRST:inst25|lpm_counter0:inst7|lpm_counter:lpm_counter_component|alt_counter_f10ke:wysi_counter|lpm_compare:$00023|comptree:comparator|cmpchain:cmp_end|comptree:comp|cmpchain:cmp[1]                        ; work         ;
;                            |cmpchain:cmp[2]|       ; 1 (1)       ; 0            ; 0           ; 0    ; 1 (1)        ; 0 (0)             ; 0 (0)            ; 0 (0)           ; 0 (0)      ; |Projeto_RST|GeradorRST:inst25|lpm_counter0:inst7|lpm_counter:lpm_counter_component|alt_counter_f10ke:wysi_counter|lpm_compare:$00023|comptree:comparator|cmpchain:cmp_end|comptree:comp|cmpchain:cmp[2]                        ; work         ;
;                            |cmpchain:cmp[3]|       ; 1 (1)       ; 0            ; 0           ; 0    ; 1 (1)        ; 0 (0)             ; 0 (0)            ; 0 (0)           ; 0 (0)      ; |Projeto_RST|GeradorRST:inst25|lpm_counter0:inst7|lpm_counter:lpm_counter_component|alt_counter_f10ke:wysi_counter|lpm_compare:$00023|comptree:comparator|cmpchain:cmp_end|comptree:comp|cmpchain:cmp[3]                        ; work         ;
;                            |comptree:sub_comptree| ; 1 (0)       ; 0            ; 0           ; 0    ; 1 (0)        ; 0 (0)             ; 0 (0)            ; 0 (0)           ; 0 (0)      ; |Projeto_RST|GeradorRST:inst25|lpm_counter0:inst7|lpm_counter:lpm_counter_component|alt_counter_f10ke:wysi_counter|lpm_compare:$00023|comptree:comparator|cmpchain:cmp_end|comptree:comp|comptree:sub_comptree                  ; work         ;
;                               |cmpchain:cmp_end|   ; 1 (1)       ; 0            ; 0           ; 0    ; 1 (1)        ; 0 (0)             ; 0 (0)            ; 0 (0)           ; 0 (0)      ; |Projeto_RST|GeradorRST:inst25|lpm_counter0:inst7|lpm_counter:lpm_counter_component|alt_counter_f10ke:wysi_counter|lpm_compare:$00023|comptree:comparator|cmpchain:cmp_end|comptree:comp|comptree:sub_comptree|cmpchain:cmp_end ; work         ;
;    |UCF:inst11|                                    ; 11 (11)     ; 10           ; 0           ; 0    ; 1 (1)        ; 0 (0)             ; 10 (10)          ; 0 (0)           ; 0 (0)      ; |Projeto_RST|UCF:inst11                                                                                                                                                                                                         ; work         ;
;    |compfase2:inst26|                              ; 3 (3)       ; 3            ; 0           ; 0    ; 0 (0)        ; 1 (1)             ; 2 (2)            ; 0 (0)           ; 0 (0)      ; |Projeto_RST|compfase2:inst26                                                                                                                                                                                                   ; work         ;
;    |ledSaida:inst27|                               ; 6 (6)       ; 0            ; 0           ; 0    ; 6 (6)        ; 0 (0)             ; 0 (0)            ; 0 (0)           ; 0 (0)      ; |Projeto_RST|ledSaida:inst27                                                                                                                                                                                                    ; work         ;
;    |lpm_compare0:inst4|                            ; 20 (0)      ; 0            ; 0           ; 0    ; 20 (0)       ; 0 (0)             ; 0 (0)            ; 20 (0)          ; 0 (0)      ; |Projeto_RST|lpm_compare0:inst4                                                                                                                                                                                                 ; work         ;
;       |lpm_compare:lpm_compare_component|          ; 20 (0)      ; 0            ; 0           ; 0    ; 20 (0)       ; 0 (0)             ; 0 (0)            ; 20 (0)          ; 0 (0)      ; |Projeto_RST|lpm_compare0:inst4|lpm_compare:lpm_compare_component                                                                                                                                                               ; work         ;
;          |comptree:comparator|                     ; 20 (0)      ; 0            ; 0           ; 0    ; 20 (0)       ; 0 (0)             ; 0 (0)            ; 20 (0)          ; 0 (0)      ; |Projeto_RST|lpm_compare0:inst4|lpm_compare:lpm_compare_component|comptree:comparator                                                                                                                                           ; work         ;
;             |cmpchain:cmp_end|                     ; 20 (20)     ; 0            ; 0           ; 0    ; 20 (20)      ; 0 (0)             ; 0 (0)            ; 20 (20)         ; 0 (0)      ; |Projeto_RST|lpm_compare0:inst4|lpm_compare:lpm_compare_component|comptree:comparator|cmpchain:cmp_end                                                                                                                          ; work         ;
;    |lpm_compare0:inst5|                            ; 20 (0)      ; 0            ; 0           ; 0    ; 20 (0)       ; 0 (0)             ; 0 (0)            ; 20 (0)          ; 0 (0)      ; |Projeto_RST|lpm_compare0:inst5                                                                                                                                                                                                 ; work         ;
;       |lpm_compare:lpm_compare_component|          ; 20 (0)      ; 0            ; 0           ; 0    ; 20 (0)       ; 0 (0)             ; 0 (0)            ; 20 (0)          ; 0 (0)      ; |Projeto_RST|lpm_compare0:inst5|lpm_compare:lpm_compare_component                                                                                                                                                               ; work         ;
;          |comptree:comparator|                     ; 20 (0)      ; 0            ; 0           ; 0    ; 20 (0)       ; 0 (0)             ; 0 (0)            ; 20 (0)          ; 0 (0)      ; |Projeto_RST|lpm_compare0:inst5|lpm_compare:lpm_compare_component|comptree:comparator                                                                                                                                           ; work         ;
;             |cmpchain:cmp_end|                     ; 20 (20)     ; 0            ; 0           ; 0    ; 20 (20)      ; 0 (0)             ; 0 (0)            ; 20 (20)         ; 0 (0)      ; |Projeto_RST|lpm_compare0:inst5|lpm_compare:lpm_compare_component|comptree:comparator|cmpchain:cmp_end                                                                                                                          ; work         ;
;    |lpm_compare1:inst23|                           ; 20 (0)      ; 0            ; 0           ; 0    ; 20 (0)       ; 0 (0)             ; 0 (0)            ; 20 (0)          ; 0 (0)      ; |Projeto_RST|lpm_compare1:inst23                                                                                                                                                                                                ; work         ;
;       |lpm_compare:lpm_compare_component|          ; 20 (0)      ; 0            ; 0           ; 0    ; 20 (0)       ; 0 (0)             ; 0 (0)            ; 20 (0)          ; 0 (0)      ; |Projeto_RST|lpm_compare1:inst23|lpm_compare:lpm_compare_component                                                                                                                                                              ; work         ;
;          |comptree:comparator|                     ; 20 (0)      ; 0            ; 0           ; 0    ; 20 (0)       ; 0 (0)             ; 0 (0)            ; 20 (0)          ; 0 (0)      ; |Projeto_RST|lpm_compare1:inst23|lpm_compare:lpm_compare_component|comptree:comparator                                                                                                                                          ; work         ;
;             |cmpchain:cmp_end|                     ; 20 (20)     ; 0            ; 0           ; 0    ; 20 (20)      ; 0 (0)             ; 0 (0)            ; 20 (20)         ; 0 (0)      ; |Projeto_RST|lpm_compare1:inst23|lpm_compare:lpm_compare_component|comptree:comparator|cmpchain:cmp_end                                                                                                                         ; work         ;
;    |lpm_counter1:inst3|                            ; 20 (0)      ; 20           ; 0           ; 0    ; 0 (0)        ; 0 (0)             ; 20 (0)           ; 20 (0)          ; 0 (0)      ; |Projeto_RST|lpm_counter1:inst3                                                                                                                                                                                                 ; work         ;
;       |lpm_counter:lpm_counter_component|          ; 20 (0)      ; 20           ; 0           ; 0    ; 0 (0)        ; 0 (0)             ; 20 (0)           ; 20 (0)          ; 0 (0)      ; |Projeto_RST|lpm_counter1:inst3|lpm_counter:lpm_counter_component                                                                                                                                                               ; work         ;
;          |alt_counter_f10ke:wysi_counter|          ; 20 (20)     ; 20           ; 0           ; 0    ; 0 (0)        ; 0 (0)             ; 20 (20)          ; 20 (20)         ; 0 (0)      ; |Projeto_RST|lpm_counter1:inst3|lpm_counter:lpm_counter_component|alt_counter_f10ke:wysi_counter                                                                                                                                ; work         ;
;    |lpm_counter2:inst18|                           ; 6 (0)       ; 3            ; 0           ; 0    ; 3 (0)        ; 0 (0)             ; 3 (0)            ; 4 (0)           ; 0 (0)      ; |Projeto_RST|lpm_counter2:inst18                                                                                                                                                                                                ; work         ;
;       |lpm_counter:lpm_counter_component|          ; 6 (0)       ; 3            ; 0           ; 0    ; 3 (0)        ; 0 (0)             ; 3 (0)            ; 4 (0)           ; 0 (0)      ; |Projeto_RST|lpm_counter2:inst18|lpm_counter:lpm_counter_component                                                                                                                                                              ; work         ;
;          |alt_counter_f10ke:wysi_counter|          ; 6 (5)       ; 3            ; 0           ; 0    ; 3 (2)        ; 0 (0)             ; 3 (3)            ; 4 (4)           ; 0 (0)      ; |Projeto_RST|lpm_counter2:inst18|lpm_counter:lpm_counter_component|alt_counter_f10ke:wysi_counter                                                                                                                               ; work         ;
;             |lpm_compare:$00010|                   ; 1 (0)       ; 0            ; 0           ; 0    ; 1 (0)        ; 0 (0)             ; 0 (0)            ; 0 (0)           ; 0 (0)      ; |Projeto_RST|lpm_counter2:inst18|lpm_counter:lpm_counter_component|alt_counter_f10ke:wysi_counter|lpm_compare:$00010                                                                                                            ; work         ;
;                |comptree:comparator|               ; 1 (0)       ; 0            ; 0           ; 0    ; 1 (0)        ; 0 (0)             ; 0 (0)            ; 0 (0)           ; 0 (0)      ; |Projeto_RST|lpm_counter2:inst18|lpm_counter:lpm_counter_component|alt_counter_f10ke:wysi_counter|lpm_compare:$00010|comptree:comparator                                                                                        ; work         ;
;                   |cmpchain:cmp_end|               ; 1 (1)       ; 0            ; 0           ; 0    ; 1 (1)        ; 0 (0)             ; 0 (0)            ; 0 (0)           ; 0 (0)      ; |Projeto_RST|lpm_counter2:inst18|lpm_counter:lpm_counter_component|alt_counter_f10ke:wysi_counter|lpm_compare:$00010|comptree:comparator|cmpchain:cmp_end                                                                       ; work         ;
;    |lpm_counter3:inst19|                           ; 20 (0)      ; 20           ; 0           ; 0    ; 0 (0)        ; 0 (0)             ; 20 (0)           ; 20 (0)          ; 0 (0)      ; |Projeto_RST|lpm_counter3:inst19                                                                                                                                                                                                ; work         ;
;       |lpm_counter:lpm_counter_component|          ; 20 (0)      ; 20           ; 0           ; 0    ; 0 (0)        ; 0 (0)             ; 20 (0)           ; 20 (0)          ; 0 (0)      ; |Projeto_RST|lpm_counter3:inst19|lpm_counter:lpm_counter_component                                                                                                                                                              ; work         ;
;          |alt_counter_f10ke:wysi_counter|          ; 20 (20)     ; 20           ; 0           ; 0    ; 0 (0)        ; 0 (0)             ; 20 (20)          ; 20 (20)         ; 0 (0)      ; |Projeto_RST|lpm_counter3:inst19|lpm_counter:lpm_counter_component|alt_counter_f10ke:wysi_counter                                                                                                                               ; work         ;
;    |lpm_counter4:inst20|                           ; 20 (0)      ; 20           ; 0           ; 0    ; 0 (0)        ; 0 (0)             ; 20 (0)           ; 20 (0)          ; 0 (0)      ; |Projeto_RST|lpm_counter4:inst20                                                                                                                                                                                                ; work         ;
;       |lpm_counter:lpm_counter_component|          ; 20 (0)      ; 20           ; 0           ; 0    ; 0 (0)        ; 0 (0)             ; 20 (0)           ; 20 (0)          ; 0 (0)      ; |Projeto_RST|lpm_counter4:inst20|lpm_counter:lpm_counter_component                                                                                                                                                              ; work         ;
;          |alt_counter_f10ke:wysi_counter|          ; 20 (20)     ; 20           ; 0           ; 0    ; 0 (0)        ; 0 (0)             ; 20 (20)          ; 20 (20)         ; 0 (0)      ; |Projeto_RST|lpm_counter4:inst20|lpm_counter:lpm_counter_component|alt_counter_f10ke:wysi_counter                                                                                                                               ; work         ;
;    |lpm_dff0:inst6|                                ; 20 (0)      ; 20           ; 0           ; 0    ; 0 (0)        ; 20 (0)            ; 0 (0)            ; 0 (0)           ; 0 (0)      ; |Projeto_RST|lpm_dff0:inst6                                                                                                                                                                                                     ; work         ;
;       |lpm_ff:lpm_ff_component|                    ; 20 (20)     ; 20           ; 0           ; 0    ; 0 (0)        ; 20 (20)           ; 0 (0)            ; 0 (0)           ; 0 (0)      ; |Projeto_RST|lpm_dff0:inst6|lpm_ff:lpm_ff_component                                                                                                                                                                             ; work         ;
;    |lpm_dff1:inst15|                               ; 3 (0)       ; 3            ; 0           ; 0    ; 0 (0)        ; 0 (0)             ; 3 (0)            ; 0 (0)           ; 0 (0)      ; |Projeto_RST|lpm_dff1:inst15                                                                                                                                                                                                    ; work         ;
;       |lpm_ff:lpm_ff_component|                    ; 3 (3)       ; 3            ; 0           ; 0    ; 0 (0)        ; 0 (0)             ; 3 (3)            ; 0 (0)           ; 0 (0)      ; |Projeto_RST|lpm_dff1:inst15|lpm_ff:lpm_ff_component                                                                                                                                                                            ; work         ;
;    |lpm_dff2:inst22|                               ; 20 (0)      ; 20           ; 0           ; 0    ; 0 (0)        ; 20 (0)            ; 0 (0)            ; 0 (0)           ; 0 (0)      ; |Projeto_RST|lpm_dff2:inst22                                                                                                                                                                                                    ; work         ;
;       |lpm_ff:lpm_ff_component|                    ; 20 (20)     ; 20           ; 0           ; 0    ; 0 (0)        ; 20 (20)           ; 0 (0)            ; 0 (0)           ; 0 (0)      ; |Projeto_RST|lpm_dff2:inst22|lpm_ff:lpm_ff_component                                                                                                                                                                            ; work         ;
+----------------------------------------------------+-------------+--------------+-------------+------+--------------+-------------------+------------------+-----------------+------------+---------------------------------------------------------------------------------------------------------------------------------------------------------------------------------------------------------------------------------+--------------+
Note: For table entries with two numbers listed, the numbers in parentheses indicate the number of resources of the given type used by the specific entity alone. The numbers listed outside of parentheses indicate the total resources of the given type used by the specific entity and all of its sub-entities in the hierarchy.


+-----------------------------------+
; Delay Chain Summary               ;
+----------+----------+-------------+
; Name     ; Pin Type ; Pad to Core ;
+----------+----------+-------------+
; Rin      ; Input    ; OFF         ;
; Sin      ; Input    ; OFF         ;
; Tin      ; Input    ; OFF         ;
; CK       ; Input    ; OFF         ;
; copy     ; Output   ; OFF         ;
; Rout     ; Output   ; OFF         ;
; Sout     ; Output   ; OFF         ;
; Tout     ; Output   ; OFF         ;
; comp     ; Output   ; OFF         ;
; Entrada  ; Output   ; OFF         ;
; LD       ; Output   ; OFF         ;
; CL       ; Output   ; OFF         ;
; cont[19] ; Output   ; OFF         ;
; cont[18] ; Output   ; OFF         ;
; cont[17] ; Output   ; OFF         ;
; cont[16] ; Output   ; OFF         ;
; cont[15] ; Output   ; OFF         ;
; cont[14] ; Output   ; OFF         ;
; cont[13] ; Output   ; OFF         ;
; cont[12] ; Output   ; OFF         ;
; cont[11] ; Output   ; OFF         ;
; cont[10] ; Output   ; OFF         ;
; cont[9]  ; Output   ; OFF         ;
; cont[8]  ; Output   ; OFF         ;
; cont[7]  ; Output   ; OFF         ;
; cont[6]  ; Output   ; OFF         ;
; cont[5]  ; Output   ; OFF         ;
; cont[4]  ; Output   ; OFF         ;
; cont[3]  ; Output   ; OFF         ;
; cont[2]  ; Output   ; OFF         ;
; cont[1]  ; Output   ; OFF         ;
; cont[0]  ; Output   ; OFF         ;
+----------+----------+-------------+


+--------------+
; Pin-Out File ;
+--------------+
The pin-out file can be found in D:/Microprocessadores I/Final_Project/Micro g1/Projeto_RST.pin.


+-----------------+
; Fitter Messages ;
+-----------------+
Info: *******************************************************************
Info: Running Quartus II Fitter
    Info: Version 9.0 Build 235 06/17/2009 Service Pack 2 SJ Web Edition
    Info: Processing started: Fri May 20 22:46:51 2016
Info: Command: quartus_fit --read_settings_files=off --write_settings_files=off Projeto_RST -c Projeto_RST
Info: Selected device EPF10K20RC240-4 for design "Projeto_RST"
Info: Fitter is using the Classic Timing Analyzer
Info: Timing requirements not specified -- optimizing circuit to achieve the following default global requirements
    Info: Assuming a global fmax requirement of 1000 MHz
    Info: Not setting a global tsu requirement
    Info: Not setting a global tco requirement
    Info: Not setting a global tpd requirement
Info: Inserted 0 logic cells in first fitting attempt
Info: Started fitting attempt 1 on Fri May 20 2016 at 22:46:51
Info: Fitter placement preparation operations beginning
Info: Fitter placement preparation operations ending: elapsed time is 00:00:00
Info: Fitter placement operations beginning
Info: Fitter placement operations ending: elapsed time is 00:00:00
Info: Fitter routing operations beginning
Info: Fitter routing operations ending: elapsed time is 00:00:00
Info: Quartus II Fitter was successful. 0 errors, 0 warnings
    Info: Peak virtual memory: 261 megabytes
    Info: Processing ended: Fri May 20 22:46:52 2016
    Info: Elapsed time: 00:00:01
    Info: Total CPU time (on all processors): 00:00:01


